---
source: crates/ruff_linter/src/rules/ruff/mod.rs
---
pyproject.toml:10:16: RUF200 Failed to parse pyproject.toml: Expected package name starting with an alphanumeric character, found '.'
...
^
   |
 8 | requires-python = ">=3.8"
 9 | requires-dist = [ "maturin>=0.14", "...",]
10 | dependencies = [ "packaging", "...",]
   |                ^^^^^^^^^^^^^^^^^^^^^^ RUF200
11 | zip-safe = false
12 | version = "..."
   |
